<?xml version="1.0" ?>
<Root>
  <Node doc_var="" file_name="" full_name="sample_header_doc" ignore="" kind="None" name="sample_header_doc">
    <Node doc_var="sample_header_doc.RootLevelSymbol.doc" file_name="drake/tools/workspace/pybind11/test/sample_header.h" full_name="RootLevelSymbol" ignore="0" kind="CursorKind.STRUCT_DECL" name="RootLevelSymbol"/>
    <Node doc_var="" file_name="" full_name="drake" ignore="" kind="CursorKind.NAMESPACE" name="drake">
      <Node doc_var="sample_header_doc.drake.MidLevelSymbol.doc" file_name="drake/tools/workspace/pybind11/test/sample_header.h" full_name="drake::MidLevelSymbol" ignore="0" kind="CursorKind.STRUCT_DECL" name="MidLevelSymbol"/>
      <Node doc_var="" file_name="" full_name="drake::mkdoc_test" ignore="" kind="CursorKind.NAMESPACE" name="mkdoc_test">
        <Node doc_var="sample_header_doc.drake.mkdoc_test.AnonymousConstant.doc" file_name="drake/tools/workspace/pybind11/test/sample_header.h" full_name="drake::mkdoc_test::AnonymousConstant" ignore="0" kind="CursorKind.ENUM_CONSTANT_DECL" name="AnonymousConstant"/>
        <Node doc_var="sample_header_doc.drake.mkdoc_test.Class.doc" file_name="drake/tools/workspace/pybind11/test/sample_header.h" full_name="drake::mkdoc_test::Class" ignore="0" kind="CursorKind.CLASS_DECL" name="Class">
          <Node doc_var="sample_header_doc.drake.mkdoc_test.Class.ctor.doc_0args" file_name="drake/tools/workspace/pybind11/test/sample_header.h" full_name="drake::mkdoc_test::Class::Class" ignore="0" kind="CursorKind.CONSTRUCTOR" name="ctor"/>
          <Node doc_var="sample_header_doc.drake.mkdoc_test.Class.ctor.doc_1args" file_name="drake/tools/workspace/pybind11/test/sample_header.h" full_name="drake::mkdoc_test::Class::Class" ignore="0" kind="CursorKind.CONSTRUCTOR" name="ctor"/>
          <Node doc_var="sample_header_doc.drake.mkdoc_test.Class.ctor.doc_2args" file_name="drake/tools/workspace/pybind11/test/sample_header.h" full_name="drake::mkdoc_test::Class::Class" ignore="0" kind="CursorKind.CONSTRUCTOR" name="ctor"/>
          <Node doc_var="sample_header_doc.drake.mkdoc_test.Class.Nested.doc" file_name="drake/tools/workspace/pybind11/test/sample_header.h" full_name="drake::mkdoc_test::Class::Nested" ignore="0" kind="CursorKind.CLASS_DECL" name="Nested"/>
          <Node doc_var="sample_header_doc.drake.mkdoc_test.Class.ProtectedMethod.doc" file_name="drake/tools/workspace/pybind11/test/sample_header.h" full_name="drake::mkdoc_test::Class::ProtectedMethod" ignore="0" kind="CursorKind.CXX_METHOD" name="ProtectedMethod"/>
          <Node doc_var="sample_header_doc.drake.mkdoc_test.Class.PublicMethod.doc" file_name="drake/tools/workspace/pybind11/test/sample_header.h" full_name="drake::mkdoc_test::Class::PublicMethod" ignore="0" kind="CursorKind.CXX_METHOD" name="PublicMethod"/>
          <Node doc_var="sample_header_doc.drake.mkdoc_test.Class.PublicStatic.doc" file_name="drake/tools/workspace/pybind11/test/sample_header.h" full_name="drake::mkdoc_test::Class::PublicStatic" ignore="0" kind="CursorKind.CXX_METHOD" name="PublicStatic"/>
          <Node doc_var="sample_header_doc.drake.mkdoc_test.Class.PublicTemplateMethod.doc" file_name="drake/tools/workspace/pybind11/test/sample_header.h" full_name="drake::mkdoc_test::Class::PublicTemplateMethod" ignore="0" kind="CursorKind.FUNCTION_TEMPLATE" name="PublicTemplateMethod"/>
          <Node doc_var="sample_header_doc.drake.mkdoc_test.Class.TypedefAlias.doc" file_name="drake/tools/workspace/pybind11/test/sample_header.h" full_name="drake::mkdoc_test::Class::TypedefAlias" ignore="0" kind="CursorKind.TYPEDEF_DECL" name="TypedefAlias"/>
          <Node doc_var="sample_header_doc.drake.mkdoc_test.Class.UsingAlias.doc" file_name="drake/tools/workspace/pybind11/test/sample_header.h" full_name="drake::mkdoc_test::Class::UsingAlias" ignore="0" kind="CursorKind.TYPE_ALIAS_DECL" name="UsingAlias"/>
          <Node doc_var="sample_header_doc.drake.mkdoc_test.Class.do_stuff.doc_stuff_1" file_name="drake/tools/workspace/pybind11/test/sample_header.h" full_name="drake::mkdoc_test::Class::do_stuff" ignore="0" kind="CursorKind.CXX_METHOD" name="do_stuff"/>
          <Node doc_var="sample_header_doc.drake.mkdoc_test.Class.do_stuff.doc_stuff_2" file_name="drake/tools/workspace/pybind11/test/sample_header.h" full_name="drake::mkdoc_test::Class::do_stuff" ignore="0" kind="CursorKind.CXX_METHOD" name="do_stuff"/>
          <Node doc_var="sample_header_doc.drake.mkdoc_test.Class.get_foo.doc_0args_nonconst" file_name="drake/tools/workspace/pybind11/test/sample_header.h" full_name="drake::mkdoc_test::Class::get_foo" ignore="0" kind="CursorKind.CXX_METHOD" name="get_foo"/>
          <Node doc_var="sample_header_doc.drake.mkdoc_test.Class.get_foo.doc_0args_const" file_name="drake/tools/workspace/pybind11/test/sample_header.h" full_name="drake::mkdoc_test::Class::get_foo" ignore="0" kind="CursorKind.CXX_METHOD" name="get_foo"/>
          <Node doc_var="sample_header_doc.drake.mkdoc_test.Class.overloaded_method.doc_1args_alpha" file_name="drake/tools/workspace/pybind11/test/sample_header.h" full_name="drake::mkdoc_test::Class::overloaded_method" ignore="0" kind="CursorKind.CXX_METHOD" name="overloaded_method"/>
          <Node doc_var="sample_header_doc.drake.mkdoc_test.Class.overloaded_method.doc_1args_bravo" file_name="drake/tools/workspace/pybind11/test/sample_header.h" full_name="drake::mkdoc_test::Class::overloaded_method" ignore="0" kind="CursorKind.CXX_METHOD" name="overloaded_method"/>
          <Node doc_var="sample_header_doc.drake.mkdoc_test.Class.overloaded_method.doc_2args_charlie_delta" file_name="drake/tools/workspace/pybind11/test/sample_header.h" full_name="drake::mkdoc_test::Class::overloaded_method" ignore="0" kind="CursorKind.CXX_METHOD" name="overloaded_method"/>
          <Node doc_var="sample_header_doc.drake.mkdoc_test.Class.overloaded_method.doc_2args_double_int" file_name="drake/tools/workspace/pybind11/test/sample_header.h" full_name="drake::mkdoc_test::Class::overloaded_method" ignore="0" kind="CursorKind.CXX_METHOD" name="overloaded_method"/>
          <Node doc_var="sample_header_doc.drake.mkdoc_test.Class.overloaded_method.doc_1args_conststdstring" file_name="drake/tools/workspace/pybind11/test/sample_header.h" full_name="drake::mkdoc_test::Class::overloaded_method" ignore="0" kind="CursorKind.CXX_METHOD" name="overloaded_method"/>
          <Node doc_var="sample_header_doc.drake.mkdoc_test.Class.overloaded_with_same_doc.doc" file_name="drake/tools/workspace/pybind11/test/sample_header.h" full_name="drake::mkdoc_test::Class::overloaded_with_same_doc" ignore="0" kind="CursorKind.CXX_METHOD" name="overloaded_with_same_doc"/>
          <Node doc_var="sample_header_doc.drake.mkdoc_test.Class.protected_member_.doc" file_name="drake/tools/workspace/pybind11/test/sample_header.h" full_name="drake::mkdoc_test::Class::protected_member_" ignore="0" kind="CursorKind.FIELD_DECL" name="protected_member_"/>
        </Node>
        <Node doc_var="sample_header_doc.drake.mkdoc_test.DrakeDeprecatedClass.doc_deprecated" file_name="drake/tools/workspace/pybind11/test/sample_header.h" full_name="drake::mkdoc_test::DrakeDeprecatedClass" ignore="0" kind="CursorKind.CLASS_DECL" name="DrakeDeprecatedClass">
          <Node doc_var="sample_header_doc.drake.mkdoc_test.DrakeDeprecatedClass.a.doc_deprecated" file_name="drake/tools/workspace/pybind11/test/sample_header.h" full_name="drake::mkdoc_test::DrakeDeprecatedClass::a" ignore="0" kind="CursorKind.CXX_METHOD" name="a"/>
          <Node doc_var="sample_header_doc.drake.mkdoc_test.DrakeDeprecatedClass.f.doc_deprecated_1args" file_name="drake/tools/workspace/pybind11/test/sample_header.h" full_name="drake::mkdoc_test::DrakeDeprecatedClass::f" ignore="0" kind="CursorKind.CXX_METHOD" name="f"/>
          <Node doc_var="sample_header_doc.drake.mkdoc_test.DrakeDeprecatedClass.f.doc_deprecated_0args" file_name="drake/tools/workspace/pybind11/test/sample_header.h" full_name="drake::mkdoc_test::DrakeDeprecatedClass::f" ignore="0" kind="CursorKind.CXX_METHOD" name="f"/>
        </Node>
        <Node doc_var="sample_header_doc.drake.mkdoc_test.DrakeDeprecatedTemplateClass.doc_deprecated" file_name="drake/tools/workspace/pybind11/test/sample_header.h" full_name="drake::mkdoc_test::DrakeDeprecatedTemplateClass" ignore="0" kind="CursorKind.CLASS_TEMPLATE" name="DrakeDeprecatedTemplateClass"/>
        <Node doc_var="sample_header_doc.drake.mkdoc_test.Enum.doc" file_name="drake/tools/workspace/pybind11/test/sample_header.h" full_name="drake::mkdoc_test::Enum" ignore="0" kind="CursorKind.ENUM_DECL" name="Enum">
          <Node doc_var="sample_header_doc.drake.mkdoc_test.Enum.EnumConstant.doc" file_name="drake/tools/workspace/pybind11/test/sample_header.h" full_name="drake::mkdoc_test::Enum::EnumConstant" ignore="0" kind="CursorKind.ENUM_CONSTANT_DECL" name="EnumConstant"/>
        </Node>
        <Node doc_var="sample_header_doc.drake.mkdoc_test.EnumClass.doc" file_name="drake/tools/workspace/pybind11/test/sample_header.h" full_name="drake::mkdoc_test::EnumClass" ignore="0" kind="CursorKind.ENUM_DECL" name="EnumClass">
          <Node doc_var="sample_header_doc.drake.mkdoc_test.EnumClass.EnumClassConstant.doc" file_name="drake/tools/workspace/pybind11/test/sample_header.h" full_name="drake::mkdoc_test::EnumClass::EnumClassConstant" ignore="0" kind="CursorKind.ENUM_CONSTANT_DECL" name="EnumClassConstant"/>
        </Node>
        <Node doc_var="sample_header_doc.drake.mkdoc_test.Struct.doc_deprecated" file_name="drake/tools/workspace/pybind11/test/sample_header.h" full_name="drake::mkdoc_test::Struct" ignore="0" kind="CursorKind.STRUCT_DECL" name="Struct">
          <Node doc_var="sample_header_doc.drake.mkdoc_test.Struct.field_1.doc" file_name="drake/tools/workspace/pybind11/test/sample_header.h" full_name="drake::mkdoc_test::Struct::field_1" ignore="0" kind="CursorKind.FIELD_DECL" name="field_1"/>
          <Node doc_var="sample_header_doc.drake.mkdoc_test.Struct.field_2.doc" file_name="drake/tools/workspace/pybind11/test/sample_header.h" full_name="drake::mkdoc_test::Struct::field_2" ignore="0" kind="CursorKind.FIELD_DECL" name="field_2"/>
        </Node>
        <Node doc_var="sample_header_doc.drake.mkdoc_test.TemplateClass.doc_was_unable_to_choose_unambiguous_names" file_name="drake/tools/workspace/pybind11/test/sample_header.h" full_name="drake::mkdoc_test::TemplateClass" ignore="0" kind="CursorKind.CLASS_TEMPLATE" name="TemplateClass">
          <Node doc_var="sample_header_doc.drake.mkdoc_test.TemplateClass.ctor.doc_0args" file_name="drake/tools/workspace/pybind11/test/sample_header.h" full_name="drake::mkdoc_test::TemplateClass::TemplateClass&lt;T&gt;" ignore="0" kind="CursorKind.CONSTRUCTOR" name="ctor"/>
          <Node doc_var="sample_header_doc.drake.mkdoc_test.TemplateClass.ctor.doc_1args" file_name="drake/tools/workspace/pybind11/test/sample_header.h" full_name="drake::mkdoc_test::TemplateClass::TemplateClass&lt;T&gt;" ignore="0" kind="CursorKind.CONSTRUCTOR" name="ctor"/>
          <Node doc_var="sample_header_doc.drake.mkdoc_test.TemplateClass.ctor.doc_copyconvert" file_name="drake/tools/workspace/pybind11/test/sample_header.h" full_name="drake::mkdoc_test::TemplateClass::TemplateClass&lt;T&gt;" ignore="0" kind="CursorKind.CONSTRUCTOR" name="ctor"/>
        </Node>
        <Node doc_var="sample_header_doc.drake.mkdoc_test.func.doc_0args" file_name="drake/tools/workspace/pybind11/test/sample_header.h" full_name="drake::mkdoc_test::func" ignore="0" kind="CursorKind.FUNCTION_DECL" name="func"/>
        <Node doc_var="sample_header_doc.drake.mkdoc_test.func.doc_1args_param" file_name="drake/tools/workspace/pybind11/test/sample_header.h" full_name="drake::mkdoc_test::func" ignore="0" kind="CursorKind.FUNCTION_DECL" name="func"/>
        <Node doc_var="sample_header_doc.drake.mkdoc_test.func.doc_1args_T" file_name="drake/tools/workspace/pybind11/test/sample_header.h" full_name="drake::mkdoc_test::func" ignore="0" kind="CursorKind.FUNCTION_DECL" name="func"/>
      </Node>
    </Node>
    <Node doc_var="" file_name="" full_name="namespace_1" ignore="" kind="CursorKind.NAMESPACE" name="namespace_1">
      <Node doc_var="sample_header_doc.namespace_1.MySimpleSystem.doc" file_name="drake/tools/workspace/pybind11/test/sample_header.h" full_name="namespace_1::MySimpleSystem" ignore="0" kind="CursorKind.CLASS_DECL" name="MySimpleSystem"/>
      <Node doc_var="" file_name="" full_name="namespace_1::namespace_2" ignore="" kind="CursorKind.NAMESPACE" name="namespace_2">
        <Node doc_var="sample_header_doc.namespace_1.namespace_2.DummyClass.doc" file_name="drake/tools/workspace/pybind11/test/sample_header.h" full_name="namespace_1::namespace_2::DummyClass" ignore="0" kind="CursorKind.CLASS_DECL" name="DummyClass">
          <Node doc_var="sample_header_doc.namespace_1.namespace_2.DummyClass.Details.doc" file_name="drake/tools/workspace/pybind11/test/sample_header.h" full_name="namespace_1::namespace_2::DummyClass::Details" ignore="0" kind="CursorKind.TYPE_ALIAS_DECL" name="Details"/>
          <Node doc_var="sample_header_doc.namespace_1.namespace_2.DummyClass.ctor.doc" file_name="drake/tools/workspace/pybind11/test/sample_header.h" full_name="namespace_1::namespace_2::DummyClass::DummyClass" ignore="0" kind="CursorKind.CONSTRUCTOR" name="ctor"/>
          <Node doc_var="sample_header_doc.namespace_1.namespace_2.DummyClass.static_function_1.doc" file_name="drake/tools/workspace/pybind11/test/sample_header.h" full_name="namespace_1::namespace_2::DummyClass::static_function_1" ignore="0" kind="CursorKind.CXX_METHOD" name="static_function_1"/>
          <Node doc_var="sample_header_doc.namespace_1.namespace_2.DummyClass.static_function_2.doc" file_name="drake/tools/workspace/pybind11/test/sample_header.h" full_name="namespace_1::namespace_2::DummyClass::static_function_2" ignore="0" kind="CursorKind.CXX_METHOD" name="static_function_2"/>
          <Node doc_var="sample_header_doc.namespace_1.namespace_2.DummyClass.struct_2.doc" file_name="drake/tools/workspace/pybind11/test/sample_header.h" full_name="namespace_1::namespace_2::DummyClass::struct_2" ignore="0" kind="CursorKind.CXX_METHOD" name="struct_2"/>
        </Node>
        <Node doc_var="sample_header_doc.namespace_1.namespace_2.Struct1.doc" file_name="drake/tools/workspace/pybind11/test/sample_header.h" full_name="namespace_1::namespace_2::Struct1" ignore="0" kind="CursorKind.STRUCT_DECL" name="Struct1">
          <Node doc_var="sample_header_doc.namespace_1.namespace_2.Struct1.var_1.doc" file_name="drake/tools/workspace/pybind11/test/sample_header.h" full_name="namespace_1::namespace_2::Struct1::var_1" ignore="0" kind="CursorKind.FIELD_DECL" name="var_1"/>
          <Node doc_var="sample_header_doc.namespace_1.namespace_2.Struct1.var_2.doc" file_name="drake/tools/workspace/pybind11/test/sample_header.h" full_name="namespace_1::namespace_2::Struct1::var_2" ignore="0" kind="CursorKind.FIELD_DECL" name="var_2"/>
          <Node doc_var="sample_header_doc.namespace_1.namespace_2.Struct1.var_3.doc" file_name="drake/tools/workspace/pybind11/test/sample_header.h" full_name="namespace_1::namespace_2::Struct1::var_3" ignore="0" kind="CursorKind.FIELD_DECL" name="var_3"/>
          <Node doc_var="sample_header_doc.namespace_1.namespace_2.Struct1.var_4.doc" file_name="drake/tools/workspace/pybind11/test/sample_header.h" full_name="namespace_1::namespace_2::Struct1::var_4" ignore="0" kind="CursorKind.FIELD_DECL" name="var_4"/>
          <Node doc_var="sample_header_doc.namespace_1.namespace_2.Struct1.var_5.doc" file_name="drake/tools/workspace/pybind11/test/sample_header.h" full_name="namespace_1::namespace_2::Struct1::var_5" ignore="0" kind="CursorKind.FIELD_DECL" name="var_5"/>
          <Node doc_var="sample_header_doc.namespace_1.namespace_2.Struct1.var_6.doc" file_name="drake/tools/workspace/pybind11/test/sample_header.h" full_name="namespace_1::namespace_2::Struct1::var_6" ignore="0" kind="CursorKind.FIELD_DECL" name="var_6"/>
          <Node doc_var="sample_header_doc.namespace_1.namespace_2.Struct1.var_7.doc" file_name="drake/tools/workspace/pybind11/test/sample_header.h" full_name="namespace_1::namespace_2::Struct1::var_7" ignore="0" kind="CursorKind.FIELD_DECL" name="var_7"/>
          <Node doc_var="sample_header_doc.namespace_1.namespace_2.Struct1.var_8.doc" file_name="drake/tools/workspace/pybind11/test/sample_header.h" full_name="namespace_1::namespace_2::Struct1::var_8" ignore="0" kind="CursorKind.FIELD_DECL" name="var_8"/>
        </Node>
        <Node doc_var="sample_header_doc.namespace_1.namespace_2.Struct2.doc" file_name="drake/tools/workspace/pybind11/test/sample_header.h" full_name="namespace_1::namespace_2::Struct2" ignore="0" kind="CursorKind.STRUCT_DECL" name="Struct2"/>
        <Node doc_var="sample_header_doc.namespace_1.namespace_2.Struct3.doc" file_name="drake/tools/workspace/pybind11/test/sample_header.h" full_name="namespace_1::namespace_2::Struct3" ignore="0" kind="CursorKind.STRUCT_DECL" name="Struct3"/>
        <Node doc_var="sample_header_doc.namespace_1.namespace_2.Struct4.doc" file_name="drake/tools/workspace/pybind11/test/sample_header.h" full_name="namespace_1::namespace_2::Struct4" ignore="0" kind="CursorKind.STRUCT_DECL" name="Struct4"/>
        <Node doc_var="sample_header_doc.namespace_1.namespace_2.Struct5.doc" file_name="drake/tools/workspace/pybind11/test/sample_header.h" full_name="namespace_1::namespace_2::Struct5" ignore="0" kind="CursorKind.STRUCT_DECL" name="Struct5"/>
        <Node doc_var="sample_header_doc.namespace_1.namespace_2.Struct6.doc" file_name="drake/tools/workspace/pybind11/test/sample_header.h" full_name="namespace_1::namespace_2::Struct6" ignore="0" kind="CursorKind.STRUCT_DECL" name="Struct6"/>
      </Node>
    </Node>
  </Node>
</Root>
